// Jest Snapshot v1, https://goo.gl/fbAQLP

exports[`gencode string: 
    return function render(_ctx, _cache, $props, $setup, $data, $options) {
      return "hi"
    }
     1`] = `"return function render(_ctx, _cache){return hi}"`;
